{
  "version": "1.5.0",
  "plugins_used": [
    {
      "name": "ArtifactoryDetector"
    },
    {
      "name": "AWSKeyDetector"
    },
    {
      "name": "AzureStorageKeyDetector"
    },
    {
      "name": "Base64HighEntropyString",
      "limit": 4.5
    },
    {
      "name": "BasicAuthDetector"
    },
    {
      "name": "CloudantDetector"
    },
    {
      "name": "DiscordBotTokenDetector"
    },
    {
      "name": "GitHubTokenDetector"
    },
    {
      "name": "GitLabTokenDetector"
    },
    {
      "name": "HexHighEntropyString",
      "limit": 3.0
    },
    {
      "name": "IbmCloudIamDetector"
    },
    {
      "name": "IbmCosHmacDetector"
    },
    {
      "name": "IPPublicDetector"
    },
    {
      "name": "JwtTokenDetector"
    },
    {
      "name": "KeywordDetector",
      "keyword_exclude": ""
    },
    {
      "name": "MailchimpDetector"
    },
    {
      "name": "NpmDetector"
    },
    {
      "name": "OpenAIDetector"
    },
    {
      "name": "PrivateKeyDetector"
    },
    {
      "name": "PypiTokenDetector"
    },
    {
      "name": "SendGridDetector"
    },
    {
      "name": "SlackDetector"
    },
    {
      "name": "SoftlayerDetector"
    },
    {
      "name": "SquareOAuthDetector"
    },
    {
      "name": "StripeDetector"
    },
    {
      "name": "TelegramBotTokenDetector"
    },
    {
      "name": "TwilioKeyDetector"
    }
  ],
  "filters_used": [
    {
      "path": "detect_secrets.filters.allowlist.is_line_allowlisted"
    },
    {
      "path": "detect_secrets.filters.common.is_ignored_due_to_verification_policies",
      "min_level": 2
    },
    {
      "path": "detect_secrets.filters.heuristic.is_indirect_reference"
    },
    {
      "path": "detect_secrets.filters.heuristic.is_likely_id_string"
    },
    {
      "path": "detect_secrets.filters.heuristic.is_lock_file"
    },
    {
      "path": "detect_secrets.filters.heuristic.is_not_alphanumeric_string"
    },
    {
      "path": "detect_secrets.filters.heuristic.is_potential_uuid"
    },
    {
      "path": "detect_secrets.filters.heuristic.is_prefixed_with_dollar_sign"
    },
    {
      "path": "detect_secrets.filters.heuristic.is_sequential_string"
    },
    {
      "path": "detect_secrets.filters.heuristic.is_swagger_file"
    },
    {
      "path": "detect_secrets.filters.heuristic.is_templated_secret"
    },
    {
      "path": "detect_secrets.filters.regex.should_exclude_file",
      "pattern": [
        "\\.git/|target/|\\.tmp.*|Cargo\\.lock|\\.secrets\\.baseline"
      ]
    },
    {
      "path": "detect_secrets.filters.regex.should_exclude_line",
      "pattern": [
        "^\\s*//|^\\s*#"
      ]
    }
  ],
  "results": {
    "BENCHMARK.md": [
      {
        "type": "Secret Keyword",
        "filename": "BENCHMARK.md",
        "hashed_secret": "8ed0560ecf667e8c017d355e954b5a794f34c135",
        "is_verified": false,
        "line_number": 142
      }
    ],
    "CHANGELOG.md": [
      {
        "type": "Secret Keyword",
        "filename": "CHANGELOG.md",
        "hashed_secret": "e5e9fa1ba31ecd1ae84f75caaa474f3a663f05f4",
        "is_verified": false,
        "line_number": 389
      },
      {
        "type": "Secret Keyword",
        "filename": "CHANGELOG.md",
        "hashed_secret": "dd606cd49bbbd06b4c2606fc2449f8fb87975786",
        "is_verified": false,
        "line_number": 529
      },
      {
        "type": "Secret Keyword",
        "filename": "CHANGELOG.md",
        "hashed_secret": "a4b48a81cdab1e1a5dd37907d6c85ca1c61ddc7c",
        "is_verified": false,
        "line_number": 535
      },
      {
        "type": "Secret Keyword",
        "filename": "CHANGELOG.md",
        "hashed_secret": "b63f6f1a19fb11b7488963ac116e0c5f4388e85b",
        "is_verified": false,
        "line_number": 701
      }
    ],
    "docs/adr/0053-z1b-pbkdf2-password-hashing.md": [
      {
        "type": "Secret Keyword",
        "filename": "docs/adr/0053-z1b-pbkdf2-password-hashing.md",
        "hashed_secret": "dd606cd49bbbd06b4c2606fc2449f8fb87975786",
        "is_verified": false,
        "line_number": 64
      }
    ],
    "src/bin/demo-dbs.rs": [
      {
        "type": "Secret Keyword",
        "filename": "src/bin/demo-dbs.rs",
        "hashed_secret": "3062d9494295383df402efa01c8f6fc895fae3a1",
        "is_verified": false,
        "line_number": 90
      },
      {
        "type": "Secret Keyword",
        "filename": "src/bin/demo-dbs.rs",
        "hashed_secret": "8ed0560ecf667e8c017d355e954b5a794f34c135",
        "is_verified": false,
        "line_number": 91
      },
      {
        "type": "Hex High Entropy String",
        "filename": "src/bin/demo-dbs.rs",
        "hashed_secret": "e0305d93e0868a16c8708d13319c045597a43726",
        "is_verified": false,
        "line_number": 148
      }
    ],
    "tests/integration_test.rs": [
      {
        "type": "Secret Keyword",
        "filename": "tests/integration_test.rs",
        "hashed_secret": "e5e9fa1ba31ecd1ae84f75caaa474f3a663f05f4",
        "is_verified": false,
        "line_number": 14019
      },
      {
        "type": "Secret Keyword",
        "filename": "tests/integration_test.rs",
        "hashed_secret": "8ad7d21c71b049b7003ba31b5f1322974df77ac8",
        "is_verified": false,
        "line_number": 14106
      },
      {
        "type": "Secret Keyword",
        "filename": "tests/integration_test.rs",
        "hashed_secret": "5ef3af6cd9b5aa907fa618fac829baaec6763b42",
        "is_verified": false,
        "line_number": 14116
      },
      {
        "type": "Secret Keyword",
        "filename": "tests/integration_test.rs",
        "hashed_secret": "6f63817ab1172bc0a22d186f38966772cfe89cbc",
        "is_verified": false,
        "line_number": 14806
      },
      {
        "type": "Secret Keyword",
        "filename": "tests/integration_test.rs",
        "hashed_secret": "ff3390557335ba88d37755e41514beb03bc499ec",
        "is_verified": false,
        "line_number": 14827
      },
      {
        "type": "Secret Keyword",
        "filename": "tests/integration_test.rs",
        "hashed_secret": "dd606cd49bbbd06b4c2606fc2449f8fb87975786",
        "is_verified": false,
        "line_number": 14849
      },
      {
        "type": "Secret Keyword",
        "filename": "tests/integration_test.rs",
        "hashed_secret": "3179a65eff2523bbde53c99b299b719c10a35235",
        "is_verified": false,
        "line_number": 14866
      },
      {
        "type": "Secret Keyword",
        "filename": "tests/integration_test.rs",
        "hashed_secret": "a4b48a81cdab1e1a5dd37907d6c85ca1c61ddc7c",
        "is_verified": false,
        "line_number": 14867
      },
      {
        "type": "Secret Keyword",
        "filename": "tests/integration_test.rs",
        "hashed_secret": "d869db7fe62fb07c25a0403ecaea55031744b5fb",
        "is_verified": false,
        "line_number": 14886
      },
      {
        "type": "Secret Keyword",
        "filename": "tests/integration_test.rs",
        "hashed_secret": "c00dbbc9dadfbe1e232e93a729dd4752fade0abf",
        "is_verified": false,
        "line_number": 14898
      },
      {
        "type": "Secret Keyword",
        "filename": "tests/integration_test.rs",
        "hashed_secret": "c2a6b03f190dfb2b4aa91f8af8d477a9bc3401dc",
        "is_verified": false,
        "line_number": 14899
      },
      {
        "type": "Secret Keyword",
        "filename": "tests/integration_test.rs",
        "hashed_secret": "77361fca965b3e53ff81a5d48525ca8adb8a9b87",
        "is_verified": false,
        "line_number": 14948
      },
      {
        "type": "Secret Keyword",
        "filename": "tests/integration_test.rs",
        "hashed_secret": "1a91d62f7ca67399625a4368a6ab5d4a3baa6073",
        "is_verified": false,
        "line_number": 15379
      },
      {
        "type": "Secret Keyword",
        "filename": "tests/integration_test.rs",
        "hashed_secret": "36cb589f74157b45811a690c58b434095f48e9fa",
        "is_verified": false,
        "line_number": 15397
      },
      {
        "type": "Hex High Entropy String",
        "filename": "tests/integration_test.rs",
        "hashed_secret": "bb6840d4faa6e78620955a671293099111291989",
        "is_verified": false,
        "line_number": 15653
      }
    ],
    "src/bin/gabybench.rs": [
      {
        "type": "Secret Keyword",
        "filename": "src/bin/gabybench.rs",
        "hashed_secret": "3062d9494295383df402efa01c8f6fc895fae3a1",
        "is_verified": false,
        "line_number": 1029
      },
      {
        "type": "Secret Keyword",
        "filename": "src/bin/gabybench.rs",
        "hashed_secret": "8ed0560ecf667e8c017d355e954b5a794f34c135",
        "is_verified": false,
        "line_number": 1038
      },
      {
        "type": "Secret Keyword",
        "filename": "src/bin/gabybench.rs",
        "hashed_secret": "f66db76c0cecba9949a5279849c95c87000db331",
        "is_verified": false,
        "line_number": 1047
      }
    ]
  },
  "generated_at": "2026-05-29T23:59:59Z"
}